
Running 1 test using 1 worker

PAGE LOG: Books: Initializing state. Storage has: null
PAGE LOG: Books: Initializing state. Storage has: null
PAGE LOG: Books: Mounted. Storage check: null
PAGE LOG: Books: Mounted. Storage check: null
PAGE LOG: Books: Setting title to Livre_1769517862651
PAGE LOG: Creating book: {title: Livre_1769517862651, description: Description par d├®faut, authorId: 17, categoryId: 40, publishedDate: 2026-01-27T12:44:24.455Z}
PAGE LOG: Books: Setting title to 
PAGE LOG: Failed to load resource: the server responded with a status of 429 (Too Many Requests)
PAGE LOG: Failed to load resource: the server responded with a status of 429 (Too Many Requests)
PAGE LOG: Failed to load data Error: ThrottlerException: Too Many Requests
    at request (http://localhost:5173/src/api/api.ts?t=1769511233745:36:11)
    at async Promise.all (index 0)
    at async fetchData (http://localhost:5173/src/pages/Books.tsx?t=1769511241794:20:37)
  Ô£ÿ  1 [chromium] ÔÇ║ tests\crud_suite.spec.ts:15:3 ÔÇ║ Suite CRUD Admin ÔÇ║ Cycle Complet (23.7s)


  1) [chromium] ÔÇ║ tests\crud_suite.spec.ts:15:3 ÔÇ║ Suite CRUD Admin ÔÇ║ Cycle Complet ÔöÇÔöÇÔöÇÔöÇÔöÇÔöÇÔöÇÔöÇÔöÇÔöÇÔöÇÔöÇÔöÇÔöÇÔöÇÔöÇÔöÇ

    Error: [2mexpect([22m[31mlocator[39m[2m).not.[22mtoBeVisible[2m([22m[2m)[22m failed

    Locator:  getByText('Livre_1769517862651')
    Expected: not visible
    Received: visible
    Timeout:  20000ms

    Call log:
    [2m  - Expect "not toBeVisible" with timeout 20000ms[22m
    [2m  - waiting for getByText('Livre_1769517862651')[22m
    [2m    23 ├ù locator resolved to <span class="font-bold">Livre_1769517862651</span>[22m
    [2m       - unexpected value "visible"[22m


      92 |     // --- 4. SUPPRESSION ---
      93 |     await page.getByRole('listitem').filter({ hasText: bookTitle }).getByRole('button', { name: 'Supprimer' }).click();
    > 94 |     await expect(page.getByText(bookTitle)).not.toBeVisible({ timeout: 20000 });
         |                                                 ^
      95 |     await page.screenshot({ path: 'img_test/crud_4_livre_supprime.png' });
      96 |
      97 |     await page.getByRole('button', { name: 'Auteurs' }).click();
        at C:\Users\adlen\Desktop\hello-prisma\frontend\tests\crud_suite.spec.ts:94:49

    attachment #1: screenshot (image/png) ÔöÇÔöÇÔöÇÔöÇÔöÇÔöÇÔöÇÔöÇÔöÇÔöÇÔöÇÔöÇÔöÇÔöÇÔöÇÔöÇÔöÇÔöÇÔöÇÔöÇÔöÇÔöÇÔöÇÔöÇÔöÇÔöÇÔöÇÔöÇÔöÇÔöÇÔöÇÔöÇÔöÇÔöÇÔöÇÔöÇÔöÇÔöÇÔöÇÔöÇÔöÇÔöÇÔöÇÔöÇÔöÇÔöÇÔöÇÔöÇÔöÇÔöÇÔöÇÔöÇÔöÇÔöÇÔöÇÔöÇÔöÇÔöÇ
    test-results\crud_suite-Suite-CRUD-Admin-Cycle-Complet-chromium\test-failed-1.png
    ÔöÇÔöÇÔöÇÔöÇÔöÇÔöÇÔöÇÔöÇÔöÇÔöÇÔöÇÔöÇÔöÇÔöÇÔöÇÔöÇÔöÇÔöÇÔöÇÔöÇÔöÇÔöÇÔöÇÔöÇÔöÇÔöÇÔöÇÔöÇÔöÇÔöÇÔöÇÔöÇÔöÇÔöÇÔöÇÔöÇÔöÇÔöÇÔöÇÔöÇÔöÇÔöÇÔöÇÔöÇÔöÇÔöÇÔöÇÔöÇÔöÇÔöÇÔöÇÔöÇÔöÇÔöÇÔöÇÔöÇÔöÇÔöÇÔöÇÔöÇÔöÇÔöÇÔöÇÔöÇÔöÇÔöÇÔöÇÔöÇÔöÇÔöÇÔöÇÔöÇÔöÇÔöÇÔöÇÔöÇÔöÇÔöÇÔöÇÔöÇÔöÇÔöÇÔöÇÔöÇÔöÇÔöÇÔöÇÔöÇÔöÇÔöÇÔöÇÔöÇÔöÇÔöÇÔöÇÔöÇ

    Error Context: test-results\crud_suite-Suite-CRUD-Admin-Cycle-Complet-chromium\error-context.md

  1 failed
    [chromium] ÔÇ║ tests\crud_suite.spec.ts:15:3 ÔÇ║ Suite CRUD Admin ÔÇ║ Cycle Complet ÔöÇÔöÇÔöÇÔöÇÔöÇÔöÇÔöÇÔöÇÔöÇÔöÇÔöÇÔöÇÔöÇÔöÇÔöÇÔöÇÔöÇÔöÇ
